Copyright 1986-2022 Xilinx, Inc. All Rights Reserved. Copyright 2022-2023 Advanced Micro Devices, Inc. All Rights Reserved.
------------------------------------------------------------------------------------------------------------------------------------------------------------------------------
| Tool Version : Vivado v.2023.2 (lin64) Build 4029153 Fri Oct 13 20:13:54 MDT 2023
| Date         : Fri Mar  1 17:05:21 2024
| Host         : LikeUE06 running 64-bit Linux Mint 21.3
| Command      : report_bus_skew -warn_on_violation -file Catch_the_Apple_bus_skew_routed.rpt -pb Catch_the_Apple_bus_skew_routed.pb -rpx Catch_the_Apple_bus_skew_routed.rpx
| Design       : Catch_the_Apple
| Device       : 7a100t-csg324
| Speed File   : -1  PRODUCTION 1.23 2018-06-13
| Design State : Routed
------------------------------------------------------------------------------------------------------------------------------------------------------------------------------

Bus Skew Report

No bus skew constraints

